../Core/Src/LCD.c:13:6:uint16_to_bytes	16	static
../Core/Src/LCD.c:72:6:LCD_reset	8	static
../Core/Src/LCD.c:82:19:LCD_writeCommand	24	static
../Core/Src/LCD.c:91:6:LCD_startWrite	8	static
../Core/Src/LCD.c:96:6:LCD_endWrite	8	static
../Core/Src/LCD.c:101:5:LCD_begin	24	static
../Core/Src/LCD.c:136:5:invertDisplay	24	static
../Core/Src/LCD.c:144:5:LCD_setAddrWindow	32	static
../Core/Src/LCD.c:174:10:LCD_color565	16	static
../Core/Src/LCD.c:178:5:LCD_pushColor	24	static
../Core/Src/LCD.c:186:5:LCD_pushColors	32	static
../Core/Src/LCD.c:194:5:LCD_writePixel	32	static
../Core/Src/LCD.c:202:5:LCD_writePixels	32	static
