../Core/Src/LCD_HXD8357D.c:6:6:uint16_to_bytes	16	static
../Core/Src/LCD_HXD8357D.c:13:6:uint16a_to_bytes	32	static
../Core/Src/LCD_HXD8357D.c:22:6:int16_to_bytes	16	static
../Core/Src/LCD_HXD8357D.c:28:6:uint32_to_bytes	16	static
../Core/Src/LCD_HXD8357D.c:36:6:int32_to_bytes	16	static
../Core/Src/LCD_HXD8357D.c:98:6:LCD_reset	8	static
../Core/Src/LCD_HXD8357D.c:108:19:LCD_writeCommand	24	static
../Core/Src/LCD_HXD8357D.c:117:6:LCD_startWrite	8	static
../Core/Src/LCD_HXD8357D.c:122:6:LCD_endWrite	8	static
../Core/Src/LCD_HXD8357D.c:127:5:LCD_begin	24	static
../Core/Src/LCD_HXD8357D.c:160:5:invertDisplay	24	static
../Core/Src/LCD_HXD8357D.c:168:5:LCD_setAddrWindow	40	static
../Core/Src/LCD_HXD8357D.c:203:10:LCD_color565	16	static
../Core/Src/LCD_HXD8357D.c:207:5:LCD_pushColor	24	static
../Core/Src/LCD_HXD8357D.c:217:5:LCD_pushColors	32	static
../Core/Src/LCD_HXD8357D.c:228:5:LCD_writePixel	32	static
../Core/Src/LCD_HXD8357D.c:236:5:LCD_writePixels	32	static
