../Core/Src/main.c:79:5:main	8	static
../Core/Src/main.c:128:6:SystemClock_Config	96	static
../Core/Src/main.c:179:13:MX_ADC1_Init	32	static
../Core/Src/main.c:237:13:MX_LPUART1_UART_Init	8	static
../Core/Src/main.c:285:13:MX_USART3_UART_Init	8	static
../Core/Src/main.c:333:13:MX_SPI1_Init	8	static
../Core/Src/main.c:373:13:MX_TIM4_Init	40	static
../Core/Src/main.c:418:13:MX_USB_OTG_FS_PCD_Init	8	static
../Core/Src/main.c:452:13:MX_GPIO_Init	56	static
../Core/Src/main.c:524:6:Error_Handler	4	static,ignoring_inline_asm
